---
source: mistralrs-tui/tests/ui_snapshot.rs
expression: snapshot
---
┌Sessions──────────────────────┐┌Conversation───────────────────────────────┐┌M┐
│▶ Snapshot Session            ││                                           ││ │
│  snapshot-model              ││                                           ││ │
│  Jan 01 07:00 • 0 tokens     ││                                           ││ │
│                              ││                                           ││ │
│                              ││                                           ││ │
│                              ││                                           ││ │
│                              ││                                           ││ │
│                              ││                                           ││ │
│                              ││                                           ││ │
│                              ││                                           ││ │
│                              ││                                           ││ │
│                              ││                                           ││ │
│                              ││                                           ││ │
│                              ││                                           ││ │
│                              ││                                           ││ │
│                              ││                                           ││ │
│                              ││                                           ││ │
│                              ││                                           ││ │
│                              ││                                           ││ │
│                              ││                                           ││ │
│                              ││                                           ││ │
└──────────────────────────────┘└───────────────────────────────────────────┘└─┘
┌──────────────────────────────────────────────────────────────────────────────┐
